2026-08-26 21:28:09,450 | INFO | 146 morceaux trouves dans playlist_extraction.xlsx
2026-08-26 21:28:09,450 | INFO | Sortie: C:\SSD_E\Opencode\Music+Script\downloads | Qualite: 192 kbps
2026-08-26 21:28:14,137 | INFO | [OK] PERXLOM - lunacy (Slowed)
2026-08-26 21:28:20,954 | INFO | [OK] -Prey, Emrld! - H3y.mp3
2026-08-26 21:28:25,221 | INFO | [OK] SXCREDMANE - byebye.wav - Slowed
2026-08-26 21:28:29,510 | INFO | [OK] lumisoun - loud room (super slowed)
2026-08-26 21:28:33,774 | INFO | [OK] DRXG ADXICTION, RAGEIX - I'll die next summer (no joke) (slowed)
2026-08-26 21:28:37,694 | INFO | [OK] DudePlaya, N!GHTVisiøn - DYSTOPIA
2026-08-26 21:28:42,374 | INFO | [OK] PINKY SMASH - ECLIPSER (Super Slowed)
2026-08-26 21:28:48,255 | INFO | [OK] HUSSVRX - I LOVE YOU SO JUMPSTYLE (Ultra Slowed)
2026-08-26 21:28:53,124 | INFO | [OK] PINKY SMASH - LOST ASTRONAUT (SLOWED)
2026-08-26 21:28:57,711 | INFO | [OK] VUKEINE - SKORN - Ultra Slowed
2026-08-26 21:29:01,660 | INFO | [OK] Dygo - MONTAGEM BUDA (Slowed + Reverb)
2026-08-26 21:29:08,724 | INFO | [OK] gef7est, Plur - GODMODE
2026-08-26 21:29:12,734 | INFO | [OK] UdieNnx, HXVSAGE, Mc Luizinho - AKAI (Slowed)
2026-08-26 21:29:18,138 | INFO | [OK] DJ UNIVXRSEL - kurayami no naka - Slowed
2026-08-26 21:29:22,631 | INFO | [OK] OTVphonk, ZERTAL - pulsebreaker - slowed
2026-08-26 21:29:26,434 | INFO | [OK] NIGHTFXRCE - 1998phantom (slowed)
2026-08-26 21:29:30,144 | INFO | [OK] 2KE - PSL (Slowed)
2026-08-26 21:29:34,832 | INFO | [OK] fam0uz - Boys Interface - Slowed
2026-08-26 21:29:40,239 | INFO | [OK] ilyhiryu - smezir 2 (Super Slowed)
2026-08-26 21:29:45,634 | INFO | [OK] Nxxkz - al1en_jump (Super Slowed)
2026-08-26 21:29:51,964 | INFO | [OK] ilyhiryu - death of alzamalir (Slowed + Reverb)
2026-08-26 21:29:56,163 | INFO | [OK] Eiby - PULSE (Extremly Slowed)
2026-08-26 21:30:00,855 | INFO | [OK] LONOWN, riserayss - starly (Ultra Slowed)
2026-08-26 21:30:55,644 | INFO | [OK] Muakh Ras - They Don't Know Me Son
2026-08-26 21:31:00,879 | INFO | [OK] Daciva - Omni Man Rage
2026-08-26 21:31:04,959 | INFO | [OK] Roman Nasenmensch, domi4wave - take it from the starz (Sped up version)
2026-08-26 21:31:09,524 | INFO | [OK] Seek - invincible.
2026-08-26 21:31:14,993 | INFO | [OK] Eiby, Nakama - ENDISNIA - Slowed
2026-08-26 21:31:19,155 | INFO | [OK] Eiby - SIREN - Slowed Reverbed
2026-08-26 21:31:23,888 | INFO | [OK] Eiby, Nakama - ENDISNIA - Super Slowed
2026-08-26 21:31:36,276 | INFO | [OK] Yb Wasg'ood, N!GHTVisiøn - DRUGS.mov (Slowed)
2026-08-26 21:31:41,089 | INFO | [OK] Anor - LOOK - Ultra Slowed
2026-08-26 21:31:46,223 | INFO | [OK] PINKY SMASH - 89 SECONDS TO MIDNIGHT (Ultra Slowed)
2026-08-26 21:31:50,163 | INFO | [OK] LoVibe. - a good man with a broken heart
2026-08-26 21:31:56,375 | INFO | [OK] Ocyris, Synsy, Santos Santana - Menace to Society (feat. Synsy & Santos Santana) (REMIX)
2026-08-26 21:32:01,416 | INFO | [OK] Roninside - Violence is a solution
2026-08-26 21:32:06,024 | INFO | [OK] Conflate - The Punisher & Lost
2026-08-26 21:32:09,972 | INFO | [OK] Conflate - Anakin Skywalker & Culture
2026-08-26 21:32:13,472 | INFO | [OK] KXLRA - GOGGINS EFFECT
2026-08-26 21:32:17,134 | INFO | [OK] Daciva, hardkilla - Stay Hard Motivation 17
2026-08-26 21:32:23,706 | INFO | [OK] Kaizen, MAKAVELI MOTIVATION - We Are so Back
2026-08-26 21:32:26,924 | INFO | [OK] Bett, Error, alper6nen - I'm feeling like my old self again
2026-08-26 21:32:31,464 | INFO | [OK] HEALER - Killcam
2026-08-26 21:32:35,778 | INFO | [OK] RxS - loading...
2026-08-26 21:32:40,296 | INFO | [OK] Hellblade - discipline
2026-08-26 21:32:44,334 | INFO | [OK] Kiraw - gas & burned rubber
2026-08-26 21:32:50,803 | INFO | [OK] Kiraw - steppin
2026-08-26 21:32:57,087 | INFO | [OK] NIKKO, Kiraw - Feel Like GOD
2026-08-26 21:32:58,006 | INFO | [OK] Warlord Colossus, Kill Dyll - Loot My Corpse!
2026-08-26 21:33:02,713 | INFO | [OK] Kill Dyll, Warlord Colossus - God's Failed Experiment
2026-08-26 21:33:13,152 | INFO | [OK] Kill Dyll - Paranoia
2026-08-26 21:33:17,343 | INFO | [OK] Snxff, Kito - focus (Ultra Slowed)
2026-08-26 21:34:10,538 | INFO | [OK] VLNCRSH - Focus (ultra slowed)
2026-08-26 21:34:17,258 | INFO | [OK] VLNCRSH - WRATH (Slowed)
2026-08-26 21:34:21,180 | INFO | [OK] VLNCRSH - YOUR HERO IS GONE (slowed)
2026-08-26 21:34:26,573 | INFO | [OK] iirvie, DJ eu4oria, DJ FZ DA ZN, Matra! - MONTAGEM FEARLESS (Ultra Slowed)
2026-08-26 21:34:30,674 | INFO | [OK] TWXNY, Sxilwix, INNXCENCE - HEAVENLY JUMPSTYLE (Slowed)
2026-08-26 21:34:34,630 | INFO | [OK] Kosu - alter ego (Slowed)
2026-08-26 21:34:40,893 | INFO | [OK] fam0uz - Gallowdance - Slowed
2026-08-26 21:34:44,861 | INFO | [OK] cape, Jxndro, Sayfalse - MONTAGEM RUGADA
2026-08-26 21:34:48,093 | INFO | [OK] Rubikdice, Chilx, WAA - MONTAGEM PEGADORA (Slowed)
2026-08-26 21:34:52,306 | INFO | [OK] h6itam, n7san7os, Mc Menor Do Alvorada - MONTAGEM ALQUIMIA (SLOWED)
2026-08-26 21:34:57,543 | INFO | [OK] MXZI, Rushex, Montagem - MONTAGEM BATCHI (ULTRA SLOWED)
2026-08-26 21:35:02,195 | INFO | [OK] ANDROMEDA, Elysian. - MONTAGEM COMA
2026-08-26 21:35:06,923 | INFO | [OK] Paizo, DJ LXILL, DJ FallThox - MONTAGEM DOMER (Ultra Slowed)
2026-08-26 21:35:10,979 | INFO | [OK] heqxrte, DJ Papagaio, DJ FallThox - MONTAGEM BÊBADO (Super Slowed)
2026-08-26 21:35:15,517 | INFO | [OK] DJ Samir, Nulteex, John Bis.T, RXDXVIL - MONTAGEM ELDER (SLOWED)
2026-08-26 21:35:20,592 | INFO | [OK] SASORIIXPP, Zhanbxqq, DJ Javi26 - MONTAGEM SETHRON (Super Slowed)
2026-08-26 21:35:24,253 | INFO | [OK] Sorrow, WXRTNAX, Itamar Mc - MONTAGEM SENTAR (Slowed)
2026-08-26 21:35:28,553 | INFO | [OK] OTVphonk, ZERTAL - MONTAGEM TENTANA - Super Slowed
2026-08-26 21:35:32,403 | INFO | [OK] Khaos, Jmilton, Mc Jajá - Montagem Supersonic (Slowed)
2026-08-26 21:35:38,774 | INFO | [OK] Xlout, R3BEL - LET THE WORLD BURN (Xlout Remix)
2026-08-26 21:35:42,793 | INFO | [OK] KRYD, kobzx2z, Chris Grey, Myla - LET THE WORLD BURN x you broke my heart
2026-08-26 21:35:46,859 | INFO | [OK] KRYD - WHERE HAVE YOU BEEN (Hoodtrap Mylancore)
2026-08-26 21:35:51,424 | INFO | [OK] CXSMPX - too late to be sorry. (Slowed + Reverb)
2026-08-26 21:35:55,243 | INFO | [OK] ANASX - Montagem Supersonic (Ultra Slowed)
2026-08-26 21:35:59,969 | INFO | [OK] Orr - 3
2026-08-26 21:36:04,028 | INFO | [OK] ThxSoMch - Unhinged
2026-08-26 21:36:10,148 | INFO | [OK] WesGhost - FACELESS
2026-08-26 21:36:14,113 | INFO | [OK] временно в рехабе, 7Leaf, babybacon, kysmelo - ебать у тебя ноги
2026-08-26 21:36:15,009 | INFO | [OK] Exful - kurayami no jerk
2026-08-26 21:36:18,530 | INFO | [OK] Eclipse - Welcome To My Crib (Slowed)
2026-08-26 21:36:22,070 | INFO | [OK] vyrval - Н+3+ЯД7IuCJIо0Т6... (second drop + slowed)
2026-08-26 21:36:26,316 | INFO | [OK] VentureX - Death
2026-08-26 21:36:30,810 | INFO | [OK] LiterallyMe - Hard Parade
2026-08-26 21:36:35,392 | INFO | [OK] Aiden Music, DJ Twisty - Jump (JumpStyle TikTok) (Super Slowed)
2026-08-26 21:36:40,144 | INFO | [OK] Phonk Killer, PHOROMANE, Faberlique - NEON JUMP (SUPER SLOWED + REVERB)
2026-08-26 21:36:45,370 | INFO | [OK] ONNMEE, Anar - ZUMA JUMP (SUPER SLOWED)
2026-08-26 21:36:49,670 | INFO | [OK] Eternxlkz - DRESS! (Over Slowed + Reverb)
2026-08-26 21:36:53,267 | INFO | [OK] UdieNnx, MC Denny - ACIDO III (Over Slowed)
2026-08-26 21:36:57,779 | INFO | [OK] Phonkha, TREVØLX - VELVETAL (Ultra Slowed)
2026-08-26 21:37:02,419 | INFO | [OK] Warriyo, LXNGVX, Laura Brehm - Mortals (Funk Super Slowed)
2026-08-26 21:37:07,011 | INFO | [OK] LXGHTLXSS, NTPV - MONTAGEM ECOS DA ESCURIDÃO (Ultra Slowed)
2026-08-26 21:37:11,252 | INFO | [OK] NVXUS - ELOY (Slowed)
2026-08-26 21:37:15,579 | INFO | [OK] SXLLX, Oliveira Mc 011 - MAMA MA (Slowed)
2026-08-26 21:37:20,099 | INFO | [OK] POODEE - Montagem Sexyback (Slowed Down)
2026-08-26 21:37:24,013 | INFO | [OK] qaraqshy, !Nxght, ZNVUTY - Dia De Fiesta (Super Slowed)
2026-08-26 21:37:28,209 | INFO | [OK] DJ VETA3, Shadow Hacker - PAPI DE MI VIDA PAPI AMOR FUNK 2 (Super Ultra Slowed)
2026-08-26 21:37:32,223 | INFO | [OK] Scythermane, Slaymacow - EVIL RONALDO (SLOWED)
2026-08-26 21:37:37,237 | INFO | [OK] Slipknot - Duality
2026-08-26 21:37:41,764 | INFO | [OK] SDM - Ragnar
2026-08-26 21:37:48,722 | INFO | [OK] Unrestricted MJ - Bruno magnifico
2026-08-26 21:37:52,589 | INFO | [OK] EsDeeKid, Rico Ace - Phantom
2026-08-26 21:37:56,449 | INFO | [OK] Akuran - 180db_ [130] (Intro Slowed)
2026-08-26 21:38:00,112 | INFO | [OK] SO SO, DJ Ess - Tragic Freestyle 2 (Slowed Down)
2026-08-26 21:38:04,539 | INFO | [OK] TXKUMOON - aint it fun (Special Version)
2026-08-26 21:38:09,461 | INFO | [OK] Unforgiven - wanton soup chopped & screwed
2026-08-26 21:38:14,760 | INFO | [OK] IzRosh, Pi'erre Bourne - Drunk n Nasty (sped up version) (Sped up version)
2026-08-26 21:38:21,228 | INFO | [OK] Sinizter, RAIZHELL - FIGHT!
2026-08-26 21:38:24,475 | INFO | [OK] Eclipse - Your Next Opponent Is You
2026-08-26 21:38:28,660 | INFO | [OK] RX Records - Fine Day [HARDTEKK] (SLOWED)
2026-08-26 21:38:31,920 | INFO | [OK] quietshadow - DESIRE (Over Slowed)
2026-08-26 21:38:35,756 | INFO | [OK] Ichiro, NIGHTFXRCE - ANTIDOTE
2026-08-26 21:38:38,843 | INFO | [OK] DVRMXN - obsession. (super slowed)
2026-08-26 21:38:42,959 | INFO | [OK] GHXTY - PLAYAZ FROM THE NORTH
2026-08-26 21:38:46,058 | INFO | [OK] SAPFIR MADE IT - TO THE END (slowed with Rich Piana)
2026-08-26 21:38:50,023 | INFO | [OK] Daciva, hardkilla - TESTOSTERONE V14
2026-08-26 21:38:53,952 | INFO | [OK] ByAstral - TESTOSTERONE
2026-08-26 21:38:54,779 | INFO | [OK] Harpazz - Testosterone.Exe
2026-08-26 21:38:59,663 | INFO | [OK] Harpazz - I Come for the Crown (Slowed)
2026-08-26 21:39:03,669 | INFO | [OK] 0to8, HXVSAGE, DJ Portu - Montagem Limerencia (Ultra Slowed)
2026-08-26 21:39:24,499 | INFO | [OK] TRUE PHONK MAN - DARK MOTIVATION
2026-08-26 21:39:39,419 | INFO | [OK] h6itam, DYSMANE, ICEDMANE - CANTO DE LUNA (SUPER SLOWED)
2026-08-26 21:39:43,386 | INFO | [OK] ICEDMANE, DYSMANE - FUNK CRIMINAL (SUPER SLOWED)
2026-08-26 21:39:49,179 | INFO | [OK] DJ ORBITAL, Rushex, mc pl alves - MONTAGEM ALUCINANTE (SLOWED)
2026-08-26 21:39:53,367 | INFO | [OK] Dygo, Mxng0 - FUNK INFERNAL (SUPER SLOWED)
2026-08-26 21:39:57,409 | INFO | [OK] Lumix, Kxrsed, LXSTFFACE, MC LyC4N - VAZIO ETERNO (Super Slowed)
2026-08-26 21:40:01,729 | INFO | [OK] MXCCREE, DJ GL3CKEY, MC PR - X-TALI (SUPER SLOWED)
2026-08-26 21:40:05,199 | INFO | [OK] NXGHT!, DJ ANXVAR, DJ Zap - BLUE HORIZON FUNK - SUPER SLOWED
2026-08-26 21:40:08,759 | INFO | [OK] ZXKAI, MC Talibã - MONTAGEM BRAVO - Slowed
2026-08-26 21:40:14,669 | INFO | [OK] DJ FNK, Polaris - Slide da Treme Melódica v2 (+Ultra Slowed)
2026-08-26 21:40:19,299 | INFO | [OK] Nakama, ΣP - DIA DELÍCIA (Super Slowed)
2026-08-26 21:40:24,579 | INFO | [OK] ARIIS - FUNK DO BOUNCE (Super Slowed)
2026-08-26 21:40:30,154 | INFO | [OK] Woodkid - Iron
2026-08-26 21:40:34,772 | INFO | [OK] HEALER - Ultio
2026-08-26 21:40:35,569 | INFO | [OK] gerarrti - ABU DHABI
2026-08-26 21:40:39,357 | INFO | [OK] Lowkey Chill - Cure For Me (Super Slowed)
2026-08-26 21:40:44,379 | INFO | [OK] MEZZIA - CURE FOR ME HARDTEKK (SLOWED)
2026-08-26 21:40:48,509 | INFO | [OK] M4GN - MONTAGEM RITMO ASTRAL (ULTRA SLOWED)
2026-08-26 21:43:41,274 | INFO | [OK] Heavora - One Last Look
2026-08-26 21:43:45,737 | INFO | [OK] BIA - WE ON GO
2026-08-26 21:43:53,548 | INFO | [OK] Zaylo, Elude, Imaro - DARK AURA FUNK (Slowed)
2026-08-26 21:43:59,796 | INFO | [OK] Enmity, crypvolk - DARK ARIA
2026-08-26 21:44:08,711 | INFO | [OK] ONIMXRU, gwendear - ANGELFUNK (SLOWED)
2026-08-26 21:44:16,972 | INFO | [OK] ONIMXRU, merunes - TÔNICA
2026-08-26 21:44:21,010 | INFO | [OK] Ryutqc, NORWXXD REAPER - Unohana (Slowed)
2026-08-26 21:44:21,010 | INFO | Termine: 146 telecharges, 0 deja presents, 0 echecs sur 146
